
Discarded input sections

 .data          0x00000000        0x0 start.o
 .bss           0x00000000        0x0 start.o
 .group         0x00000000        0xc main.o
 .group         0x00000000        0xc main.o
 .group         0x00000000        0xc main.o
 .group         0x00000000        0xc main.o
 .text          0x00000000        0x0 main.o
 .data          0x00000000        0x0 main.o
 .bss           0x00000000        0x0 main.o
 .group         0x00000000        0xc sdhc.o
 .group         0x00000000        0xc sdhc.o
 .group         0x00000000        0xc sdhc.o
 .group         0x00000000        0xc sdhc.o
 .text          0x00000000        0x0 sdhc.o
 .data          0x00000000        0x0 sdhc.o
 .bss           0x00000000        0x0 sdhc.o
 .debug_macro   0x00000000      0xb02 sdhc.o
 .debug_macro   0x00000000      0x34e sdhc.o
 .debug_macro   0x00000000       0x4c sdhc.o
 .debug_macro   0x00000000       0x16 sdhc.o
 .group         0x00000000        0xc uart.o
 .group         0x00000000        0xc uart.o
 .group         0x00000000        0xc uart.o
 .text          0x00000000        0x0 uart.o
 .data          0x00000000        0x0 uart.o
 .bss           0x00000000        0x0 uart.o
 .debug_macro   0x00000000      0xb02 uart.o
 .debug_macro   0x00000000      0x34e uart.o
 .debug_macro   0x00000000       0x16 uart.o

Memory Configuration

Name             Origin             Length             Attributes
RAM              0x60010000         0x08000000         xrw
*default*        0x00000000         0xffffffff

Linker script and memory map

LOAD start.o
LOAD main.o
LOAD sdhc.o
LOAD uart.o
LOAD /home/khaled/arm-gnu-toolchain-13.3.rel1-x86_64-arm-none-linux-gnueabihf/bin/../lib/gcc/arm-none-linux-gnueabihf/13.3.1/libgcc.a
LOAD /home/khaled/arm-gnu-toolchain-13.3.rel1-x86_64-arm-none-linux-gnueabihf/bin/../arm-none-linux-gnueabihf/libc/usr/lib/libc.a
LOAD /home/khaled/arm-gnu-toolchain-13.3.rel1-x86_64-arm-none-linux-gnueabihf/bin/../arm-none-linux-gnueabihf/libc/usr/lib/libm.a
                0x60010000                        . = ORIGIN (RAM)

.text           0x60010000       0x10
 *(.text)
 .text          0x60010000       0x10 start.o
                0x60010000                _start

.glue_7         0x60010010        0x0
 .glue_7        0x60010010        0x0 linker stubs

.glue_7t        0x60010010        0x0
 .glue_7t       0x60010010        0x0 linker stubs

.vfp11_veneer   0x60010010        0x0
 .vfp11_veneer  0x60010010        0x0 linker stubs

.v4_bx          0x60010010        0x0
 .v4_bx         0x60010010        0x0 linker stubs

.iplt           0x60010010        0x0
 .iplt          0x60010010        0x0 start.o

.text.main      0x60010010       0xb4
 .text.main     0x60010010       0xb4 main.o
                0x60010010                main

.text.sd_send_cmd
                0x600100c4       0xfc
 .text.sd_send_cmd
                0x600100c4       0xfc sdhc.o
                0x600100c4                sd_send_cmd

.text.sd_init   0x600101c0      0x180
 .text.sd_init  0x600101c0      0x180 sdhc.o
                0x600101c0                sd_init

.text.sd_read_sector
                0x60010340      0x100
 .text.sd_read_sector
                0x60010340      0x100 sdhc.o
                0x60010340                sd_read_sector

.text.uart_putc
                0x60010440       0x44
 .text.uart_putc
                0x60010440       0x44 uart.o
                0x60010440                uart_putc

.text.uart_print
                0x60010484       0x48
 .text.uart_print
                0x60010484       0x48 uart.o
                0x60010484                uart_print

.text.uart_print_hex
                0x600104cc       0x7c
 .text.uart_print_hex
                0x600104cc       0x7c uart.o
                0x600104cc                uart_print_hex

.rodata         0x60010548      0x10b
 *(.rodata)
 .rodata        0x60010548       0x58 main.o
 .rodata        0x600105a0       0x9c sdhc.o
 .rodata        0x6001063c       0x17 uart.o

.rel.dyn        0x60010654        0x0
 .rel.iplt      0x60010654        0x0 start.o

.data
 *(.data)

.igot.plt       0x60010654        0x0
 .igot.plt      0x60010654        0x0 start.o

.bss            0x60010653        0x0
                0x60010653                        __bss_start = .
 *(.bss)
                0x60010653                        __bss_end = .
                0x68010000                        _stack_top = (ORIGIN (RAM) + LENGTH (RAM))
OUTPUT(bootloader.elf elf32-littlearm)
LOAD linker stubs

.bss.buffer     0x60010654      0x200
 .bss.buffer    0x60010654      0x200 main.o
                0x60010654                buffer

.bss.rca        0x60010854        0x4
 .bss.rca       0x60010854        0x4 sdhc.o
                0x60010854                rca

.ARM.attributes
                0x00000000       0x33
 .ARM.attributes
                0x00000000       0x25 start.o
 .ARM.attributes
                0x00000025       0x37 main.o
 .ARM.attributes
                0x0000005c       0x37 sdhc.o
 .ARM.attributes
                0x00000093       0x37 uart.o

.comment        0x00000000       0x45
 .comment       0x00000000       0x45 main.o
                                 0x46 (size before relaxing)
 .comment       0x00000045       0x46 sdhc.o
 .comment       0x00000045       0x46 uart.o

.note.GNU-stack
                0x00000000        0x0
 .note.GNU-stack
                0x00000000        0x0 main.o
 .note.GNU-stack
                0x00000000        0x0 sdhc.o
 .note.GNU-stack
                0x00000000        0x0 uart.o

.debug_line     0x00000000      0x4db
 .debug_line    0x00000000       0x48 start.o
 .debug_line    0x00000048      0x118 main.o
 .debug_line    0x00000160      0x21f sdhc.o
 .debug_line    0x0000037f      0x15c uart.o

.debug_line_str
                0x00000000       0x2e
 .debug_line_str
                0x00000000       0x2e start.o

.debug_info     0x00000000      0x3ff
 .debug_info    0x00000000       0x24 start.o
 .debug_info    0x00000024      0x122 main.o
 .debug_info    0x00000146      0x1b3 sdhc.o
 .debug_info    0x000002f9      0x106 uart.o

.debug_abbrev   0x00000000      0x2b5
 .debug_abbrev  0x00000000       0x14 start.o
 .debug_abbrev  0x00000014       0xd8 main.o
 .debug_abbrev  0x000000ec      0x11b sdhc.o
 .debug_abbrev  0x00000207       0xae uart.o

.debug_aranges  0x00000000       0xa0
 .debug_aranges
                0x00000000       0x20 start.o
 .debug_aranges
                0x00000020       0x20 main.o
 .debug_aranges
                0x00000040       0x30 sdhc.o
 .debug_aranges
                0x00000070       0x30 uart.o

.debug_str      0x00000000     0x3bca
 .debug_str     0x00000000     0x3bca start.o
                                 0x3c (size before relaxing)
 .debug_str     0x00003bca     0x3cb6 main.o
 .debug_str     0x00003bca     0x3cfa sdhc.o
 .debug_str     0x00003bca     0x3a1e uart.o

.debug_rnglists
                0x00000000       0x61
 .debug_rnglists
                0x00000000       0x14 main.o
 .debug_rnglists
                0x00000014       0x2e sdhc.o
 .debug_rnglists
                0x00000042       0x1f uart.o

.debug_macro    0x00000000      0xf4b
 .debug_macro   0x00000000       0x36 main.o
 .debug_macro   0x00000036      0xb02 main.o
 .debug_macro   0x00000b38      0x34e main.o
 .debug_macro   0x00000e86       0x16 main.o
 .debug_macro   0x00000e9c       0x4c main.o
 .debug_macro   0x00000ee8       0x36 sdhc.o
 .debug_macro   0x00000f1e       0x2d uart.o

.debug_frame    0x00000000       0xec
 .debug_frame   0x00000000       0x28 main.o
 .debug_frame   0x00000028       0x64 sdhc.o
 .debug_frame   0x0000008c       0x60 uart.o

Cross Reference Table

Symbol                                            File
_stack_top                                        start.o
_start                                            start.o
buffer                                            main.o
main                                              main.o
                                                  start.o
rca                                               sdhc.o
sd_init                                           sdhc.o
                                                  main.o
sd_read_sector                                    sdhc.o
                                                  main.o
sd_send_cmd                                       sdhc.o
uart_print                                        uart.o
                                                  sdhc.o
                                                  main.o
uart_print_hex                                    uart.o
                                                  sdhc.o
                                                  main.o
uart_putc                                         uart.o
